src/Pages/About.tsx(66,7): error TS6133: 'HexagonCard' is declared but its value is never read.
src/Pages/About.tsx(86,9): error TS6133: 'y2' is declared but its value is never read.
src/Pages/Hostel.tsx(1,8): error TS6133: 'React' is declared but its value is never read.
src/Pages/Hostel.tsx(86,50): error TS2345: Argument of type 'string' is not assignable to parameter of type 'SetStateAction<"living" | "dining" | "facilities">'.
src/Pages/Scholarships.tsx(1,8): error TS6133: 'React' is declared but its value is never read.
